
> quillpaw@1.0.0 build
> vite build

[36mvite v6.4.1 [32mbuilding SSR bundle for production...[36m[39m
transforming...
